// Jest Snapshot v1, https://goo.gl/fbAQLP

exports[`Login component tests should test Header component 1`] = `ShallowWrapper {}`;
